ifconfig eth1 down

tcpdump -i eth1

ethtool --set-loopback eth0 on

ethtool autoneg off -s eth0

 for eth0:
        Supported ports: [ TP    MII ]
        Supported link modes:   100baseT/Full
        Supported pause frame use: No
        Supports auto-negotiation: Yes
        Supported FEC modes: Not reported
        Advertised link modes:  100baseT/Full
        Advertised pause frame use: No
        Advertised auto-negotiation: Yes
        Advertised FEC modes: Not reported
        Link partner advertised link modes:  10baseT/Half 10baseT/Full
                                             100baseT/Half 100baseT/Full
        Link partner advertised pause frame use: Symmetric Receive-only
        Link partner advertised auto-negotiation: Yes
        Link partner advertised FEC modes: Not reported
        Speed: 100Mb/s
        Duplex: Full
        Auto-negotiation: on
        Port: Twisted Pair
        PHYAD: 0
        Transceiver: external
        MDI-X: Unknown
        Link detected: yes


root@am437x-evm:~# 
root@am437x-evm:~# 
root@am437x-evm:~# [  496.163490] Kemsys dp83822_read_status : 324 MII Ethernet Phy Status = d1d 
e[  497.204323] Kemsys dp83822_read_status : 324 MII Ethernet Phy Status = d1d 
thtool [  498.243474] Kemsys dp83822_read_status : 324 MII Ethernet Phy Status = d1d 
-[  499.284369] Kemsys dp83822_read_status : 324 MII Ethernet Phy Status = d1d 
-help[  500.324159] Kemsys dp83822_read_status : 324 MII Ethernet Phy Status = d1d 

ethtool version 5.10
Usage:
        ethtool [ FLAGS ] DEVNAME       Display standard information about device
        ethtool [ FLAGS ] -s|--change DEVNAME   Change generic options
                [ speed %d ]
                [ duplex half|full ]
                [ port tp|aui|bnc|mii|fibre|da ]
                [ mdix auto|on|off ]
                [ autoneg on|off ]
                [ advertise %x[/%x] | mode on|off ... [--] ]
                [ phyad %d ]
                [ xcvr internal|external ]
                [ wol %d[/%d] | p|u|m|b|a|g|s|f|d... ]
                [ sopass %x:%x:%x:%x:%x:%x ]
                [ msglvl %d[/%d] | type on|off ... [--] ]
                [ master-slave master-preferred|slave-preferred|master-force|slave-force ]
        ethtool [ FLAGS ] -a|--show-pause DEVNAME       Show pause options
        ethtool [ FLAGS ] -A|--pause DEVNAME    Set pause options
                [ autoneg on|off ]
                [ rx on|off ]
                [ tx on|off ]
        ethtool [ FLAGS ] -c|--show-coalesce DEVNAME    Show coalesce options
        ethtool [ FLAGS ] -C|--coalesce DEVNAME Set coalesce options
                [adaptive-rx on|off]
                [adaptive-tx on|off]
                [rx-usecs N]
                [rx-frames N]
                [rx-usecs-irq N]
                [rx-frames-irq N]
                [tx-usecs N]
                [tx-frames N]
                [tx-usecs-irq N]
                [tx-frames-irq N]
                [stats-block-usecs N]
                [pkt-rate-low N]
                [rx-usecs-low N]
                [rx-frames-low N]
                [tx-usecs-low N]
                [tx-frames-low N]
                [pkt-rate-high N]
                [rx-usecs-high N]
                [rx-frames-high N]
                [tx-usecs-high N]
                [tx-frames-high N]
                [sample-interval N]
        ethtool [ FLAGS ] -g|--show-ring DEVNAME        Query RX/TX ring parameters
        ethtool [ FLAGS ] -G|--set-ring DEVNAME Set RX/TX ring parameters
                [ rx N ]
                [ rx-mini N ]
                [ rx-jumbo N ]
                [ tx N ]
        ethtool [ FLAGS ] -k|--show-features|--show-offload DEVNAME     Get state of protocol offload and other features
        ethtool [ FLAGS ] -K|--features|--offload DEVNAME       Set protocol offload and other features
                FEATURE on|off ...
        ethtool [ FLAGS ] -i|--driver DEVNAME   Show driver information
        ethtool [ FLAGS ] -d|--register-dump DEVNAME    Do a register dump
                [ raw on|off ]
                [ file FILENAME ]
        ethtool [ FLAGS ] -e|--eeprom-dump DEVNAME      Do a EEPROM dump
                [ raw on|off ]
                [ offset N ]
                [ length N ]
        ethtool [ FLAGS ] -E|--change-eeprom DEVNAME    Change bytes in device EEPROM
                [ magic N ]
                [ offset N ]
                [ length N ]
                [ value N ]
        ethtool [ FLAGS ] -r|--negotiate DEVNAME        Restart N-WAY negotiation
        ethtool [ FLAGS ] -p|--identify DEVNAME Show visible port identification (e.g. blinking)
               [ TIME-IN-SECONDS ]
        ethtool [ FLAGS ] -t|--test DEVNAME     Execute adapter self test
               [ online | offline | external_lb ]
        ethtool [ FLAGS ] -S|--statistics DEVNAME       Show adapter statistics
        ethtool [ FLAGS ] --phy-statistics DEVNAME      Show phy statistics
        ethtool [ FLAGS ] -n|-u|--show-nfc|--show-ntuple DEVNAME        Show Rx network flow classification options or rules
                [ rx-flow-hash tcp4|udp4|ah4|esp4|sctp4|tcp6|udp6|ah6|esp6|sctp6 [context %d] |
                  rule %d ]
        ethtool [ FLAGS ] -N|-U|--config-nfc|--config-ntuple DEVNAME    Configure Rx network flow classification options or rules
                rx-flow-hash tcp4|udp4|ah4|esp4|sctp4|tcp6|udp6|ah6|esp6|sctp6 m|v|t|s|d|f|n|r... [context %d] |
                flow-type ether|ip4|tcp4|udp4|sctp4|ah4|esp4|ip6|tcp6|udp6|ah6|esp6|sctp6
                        [ src %x:%x:%x:%x:%x:%x [m %x:%x:%x:%x:%x:%x] ]
                        [ dst %x:%x:%x:%x:%x:%x [m %x:%x:%x:%x:%x:%x] ]
                        [ proto %d [m %x] ]
                        [ src-ip IP-ADDRESS [m IP-ADDRESS] ]
                        [ dst-ip IP-ADDRESS [m IP-ADDRESS] ]
                        [ tos %d [m %x] ]
                        [ tclass %d [m %x] ]
                        [ l4proto %d [m %x] ]
                        [ src-port %d [m %x] ]
                        [ dst-port %d [m %x] ]
                        [ spi %d [m %x] ]
                        [ vlan-etype %x [m %x] ]
                        [ vlan %x [m %x] ]
                        [ user-def %x [m %x] ]
                        [ dst-mac %x:%x:%x:%x:%x:%x [m %x:%x:%x:%x:%x:%x] ]
                        [ action %d ] | [ vf %d queue %d ]
                        [ context %d ]
                        [ loc %d]] |
                delete %d
        ethtool [ FLAGS ] -T|--show-time-stamping DEVNAME       Show time stamping capabilities
        ethtool [ FLAGS ] -x|--show-rxfh-indir|--show-rxfh DEVNAME      Show Rx flow hash indirection table and/or RSS hash key
                [ context %d ]
        ethtool [ FLAGS ] -X|--set-rxfh-indir|--rxfh DEVNAME    Set Rx flow hash indirection table and/or RSS hash key
                [ context %d|new ]
                [ equal N | weight W0 W1 ... | default ]
                [ hkey %x:%x:%x:%x:%x:.... ]
                [ hfunc FUNC ]
                [ delete ]
        ethtool [ FLAGS ] -f|--flash DEVNAME    Flash firmware image from the specified file to a region on the device
               FILENAME [ REGION-NUMBER-TO-FLASH ]
        ethtool [ FLAGS ] -P|--show-permaddr DEVNAME    Show permanent hardware address
        ethtool [ FLAGS ] -w|--get-dump DEVNAME Get dump flag, data
                [ data FILENAME ]
        ethtool [ FLAGS ] -W|--set-dump DEVNAME Set dump flag of the device
                N
        ethtool [ FLAGS ] -l|--show-channels DEVNAME    Query Channels
        ethtool [ FLAGS ] -L|--set-channels DEVNAME     Set Channels
               [ rx N ]
               [ tx N ]
               [ other N ]
               [ combined N ]
        ethtool [ FLAGS ] --show-priv-flags DEVNAME     Query private flags
        ethtool [ FLAGS ] --set-priv-flags DEVNAME      Set private flags
                FLAG on|off ...
        ethtool [ FLAGS ] -m|--dump-module-eeprom|--module-info DEVNAME Query/Decode Module EEPROM information and optical diagnostics if available
                [ raw on|off ]
                [ hex on|off ]
                [ offset N ]
                [ length N ]
        ethtool [ FLAGS ] --show-eee DEVNAME    Show EEE settings
        ethtool [ FLAGS ] --set-eee DEVNAME     Set EEE settings
                [ eee on|off ]
                [ advertise %x ]
                [ tx-lpi on|off ]
                [ tx-timer %d ]
        ethtool [ FLAGS ] --set-phy-tunable DEVNAME     Set PHY tunable
                [ downshift on|off [count N] ]
                [ fast-link-down on|off [msecs N] ]
                [ energy-detect-power-down on|off [msecs N] ]
        ethtool [ FLAGS ] --get-phy-tunable DEVNAME     Get PHY tunable
                [ downshift ]
                [ fast-link-down ]
                [ energy-detect-power-down ]
        ethtool [ FLAGS ] --get-tunable DEVNAME Get tunable
                [ rx-copybreak ]
                [ tx-copybreak ]
                [ pfc-precention-tout ]
        ethtool [ FLAGS ] --set-tunable DEVNAME Set tunable
                [ rx-copybreak N]
                [ tx-copybreak N]
                [ pfc-precention-tout N]
        ethtool [ FLAGS ] --reset DEVNAME       Reset components
                [ flags %x ]
                [ mgmt ]
                [ mgmt-shared ]
                [ irq ]
                [ irq-shared ]
                [ dma ]
                [ dma-shared ]
                [ filter ]
                [ filter-shared ]
                [ offload ]
                [ offload-shared ]
                [ mac ]
                [ mac-shared ]
                [ phy ]
                [ phy-shared ]
                [ ram ]
                [ ram-shared ]
                [ ap ]
                [ ap-shared ]
                [ dedicated ]
                [ all ]
        ethtool [ FLAGS ] --show-fec DEVNAME    Show FEC settings
        ethtool [ FLAGS ] --set-fec DEVNAME     Set FEC settings
                [ encoding auto|off|rs|baser|llrs [...]]
        ethtool [ FLAGS ] -Q|--per-queue DEVNAME        Apply per-queue command. 
The supported sub commands include --show-coalesce, --coalesce             [queue_mask %x] SUB_COMMAND
        ethtool [ FLAGS ] --cable-test DEVNAME  Perform a cable test
        ethtool [ FLAGS ] --cable-test-tdr DEVNAME      Print cable test time domain reflectrometery data
                [ first N ]
                [ last N ]
                [ step N ]                                                            +-----------------------------+
                [ pair N ]                                                            |                             |
        ethtool [ FLAGS ] --show-tunnels DEVNAME        Show NIC tunnel offload inform|  Cannot open /dev/ttyUSB0!  |
        ethtool [ FLAGS ] -h|--help             Show this help                        |                             |
        ethtool [ FLAGS ] --version             Show version number                   +-----------------------------+
        ethtool --monitor               Show kernel notifications
                ( [ --all ]
                  | -s | --change
                  | -s | --change
                  | -s | --change
                  | -s | --cha[  501.363301] Kemsys dp83822_read_status : 324 MII Ethernet Phy Status = d1d 
nge
                  | -k | --show-features | --show-offload | -K | --features | --offload
                  | --show-priv-flags | --set-priv-flags
                  | -g | --show-ring | -G | --set-ring
                  | -l | --show-channels | -L | --set-channels
                  | -c | --show-coalesce | -C | --coalesce
                  | -a | --show-pause | -A | --pause
                  | --show-eee | --set-eee
                  | --cable-test
                  | --cable-test-tdr )
                [ DEVNAME | * ]

FLAGS:
        --debug MASK    turn on debugging messages
        --json          enable JSON output format (not supported by all commands)
        -I|--include-statistics         request device statistics related to the command (not supported by all commands)





~[ 1195.684119] Kemsys dp83822_read_status : 324 MII Ethernet Phy Status = 90c 
ytool [ 1196.724387] Kemsys dp83822_read_status : 324 MII Ethernet Phy Status = 90c 

Usage: phytool read  IFACE/ADDR/REG
       phytool write IFACE/ADDR/REG <0-0xffff>
       phytool print IFACE/ADDR[/REG]
where

phytool read eth0/0x00/0x16

phytool read eth0/0x00/0x10
phytool write eth0/0x00/0x00 0x3000  //disable loopback
phytool write eth0/0x00/0x00 0x6000  //enable loopback


phytool write eth0/0x00/0x00 0x6100  //disable loopback

Read BMCR Reg:
=============
phytool read eth0/0x00/0x00

Enable Loopback:
================
phytool write eth0/0x00/0x00 0x7100

Disable Loopback:
================
phytool write eth0/0x00/0x00 0x3100


ADDR := C22 | C45
C22  := <0-0x1f>
C45  := <0-0x1f>:<0-0x1f>
REG  := <0-0x1f>

Examples:
       phytool read  eth0/0:3/1
       phytool write eth0/0xa/0 0x1140
       phytool print eth0/0x1c

Note: Not all MDIO drivers support the `port:device` Clause 45 address
format.

The `read` and `write` commands are simple register level
accessors. The `print` command will pretty-print a register. When
using the `print` command, the register is optional. If left out, the
most common registers will be shown.

Bug report address: https://github.com/wkz/phytool/issues







phytool write eth0/0x00/0x10 5f17




phytool read eth0/0x00/0x10
5f15

read eth0/0x00/0x10
0x0f15
root@am437x-evm:~# phytool read eth0/0x00/0x10
0x0f15
root@am437x-evm:~# phytool read eth0/0x00/0x10
0x0f15
root@am437x-evm:~# phytool read eth0/0x01/0x10                                                                                                                                                             
0x4002
root@am437x-evm:~# ifconfig 
eth0      Link encap:Ethernet  HWaddr 88:01:F9:35:D9:A2  
          inet addr:192.168.1.4  Bcast:192.168.1.255  Mask:255.255.255.0
          inet6 addr: fe80::8a01:f9ff:fe35:d9a2/64 Scope:Link
          inet6 addr: 2406:7400:9a:e030:8a01:f9ff:fe35:d9a2/64 Scope:Global
          UP BROADCAST RUNNING MULTICAST  MTU:1500  Metric:1
          RX packets:348 errors:0 dropped:38 overruns:0 frame:0
          TX packets:115 errors:0 dropped:0 overruns:0 carrier:0
          collisions:0 txqueuelen:1000 
          RX bytes:35533 (34.7 KiB)  TX bytes:15180 (14.8 KiB)

eth1      Link encap:Ethernet  HWaddr 88:01:F9:35:D9:A3  
          inet addr:192.168.2.3  Bcast:192.168.2.255  Mask:255.255.255.0
          UP BROADCAST MULTICAST  MTU:1500  Metric:1
          RX packets:0 errors:0 dropped:0 overruns:0 frame:0
          TX packets:0 errors:0 dropped:0 overruns:0 carrier:0
          collisions:0 txqueuelen:1000 
          RX bytes:0 (0.0 B)  TX bytes:0 (0.0 B)

lo        Link encap:Local Loopback  
          inet addr:127.0.0.1  Mask:255.0.0.0
          inet6 addr: ::1/128 Scope:Host
          UP LOOPBACK RUNNING  MTU:65536  Metric:1
          RX packets:2 errors:0 dropped:0 overruns:0 frame:0
          TX packets:2 errors:0 dropped:0 overruns:0 carrier:0
          collisions:0 txqueuelen:1000 
          RX bytes:140 (140.0 B)  TX bytes:140 (140.0 B)

root@am437x-evm:~# [  592.245136] prueth pruss1-eth eth0: Link is Down

root@am437x-evm:~# [  596.406206] prueth pruss1-eth eth1: Link is Up - 100Mbps/Full - flow control off
[  596.406331] IPv6: ADDRCONF(NETDEV_CHANGE): eth1: link becomes ready

root@am437x-evm:~# phytool read eth0/0x01/0x10
0x0f15








root@am437x-evm:~# phytool read eth0/0x00/0x0 
0x3100
root@am437x-evm:~# phytool read eth0/0x00/0x1
0x786d
root@am437x-evm:~# phytool read eth0/0x00/0x2
0x2000
root@am437x-evm:~# phytool read eth0/0x00/0x3
0xa240
root@am437x-evm:~# phytool read eth0/0x00/0x4
0x0101
root@am437x-evm:~# phytool read eth0/0x00/0x5
0x4de1
root@am437x-evm:~# phytool read eth0/0x00/0x6
0x0007
root@am437x-evm:~# phytool read eth0/0x00/0x7
0x2001
root@am437x-evm:~# phytool read eth0/0x00/0x8
0000
root@am437x-evm:~# phytool read eth0/0x00/0x9
0000
root@am437x-evm:~# phytool read eth0/0x00/0xa
0x0100
root@am437x-evm:~# phytool read eth0/0x00/0xb
0x1000
root@am437x-evm:~# phytool read eth0/0x00/0xc
0000
root@am437x-evm:~# phytool read eth0/0x00/0xd
0x401f
root@am437x-evm:~# phytool read eth0/0x00/0xf
0000
root@am437x-evm:~# phytool read eth0/0x00/0x10
0x0615
root@am437x-evm:~# phytool read eth0/0x00/0x11  
0x0108
root@am437x-evm:~# phytool read eth0/0x00/0x12
0x6400
root@am437x-evm:~# phytool read eth0/0x00/0x13
0x2800
root@am437x-evm:~# phytool read eth0/0x00/0x14
0000
root@am437x-evm:~# phytool read eth0/0x00/0x15
0000
root@am437x-evm:~# phytool read eth0/0x00/0x16
0x0100
root@am437x-evm:~# phytool read eth0/0x00/0x17
0x0049
root@am437x-evm:~# phytool read eth0/0x00/0x18
0x0400
root@am437x-evm:~# ifconfig 
eth0      Link encap:Ethernet  HWaddr 88:01:F9:35:D9:A2  
          inet addr:192.168.1.4  Bcast:192.168.1.255  Mask:255.255.255.0
          inet6 addr: fe80::8a01:f9ff:fe35:d9a2/64 Scope:Link
          inet6 addr: 2406:7400:9a:e030:8a01:f9ff:fe35:d9a2/64 Scope:Global
          UP BROADCAST RUNNING MULTICAST  MTU:1500  Metric:1
          RX packets:621 errors:0 dropped:22 overruns:0 frame:0
          TX packets:120 errors:0 dropped:0 overruns:0 carrier:0
          collisions:0 txqueuelen:1000 
          RX bytes:71677 (69.9 KiB)  TX bytes:15472 (15.1 KiB)

eth1      Link encap:Ethernet  HWaddr 88:01:F9:35:D9:A3  
          inet addr:192.168.2.3  Bcast:192.168.2.255  Mask:255.255.255.0
          UP BROADCAST MULTICAST  MTU:1500  Metric:1
          RX packets:0 errors:0 dropped:0 overruns:0 frame:0
          TX packets:0 errors:0 dropped:0 overruns:0 carrier:0
          collisions:0 txqueuelen:1000 
          RX bytes:0 (0.0 B)  TX bytes:0 (0.0 B)

lo        Link encap:Local Loopback  
          inet addr:127.0.0.1  Mask:255.0.0.0
          inet6 addr: ::1/128 Scope:Host
          UP LOOPBACK RUNNING  MTU:65536  Metric:1
          RX packets:2 errors:0 dropped:0 overruns:0 frame:0
          TX packets:2 errors:0 dropped:0 overruns:0 carrier:0
          collisions:0 txqueuelen:1000 
          RX bytes:140 (140.0 B)  TX bytes:140 (140.0 B)





read eth0/0x00/0x17

phytool write eth0/0x00/0x00 0x3000




